// Jest Snapshot v1, https://goo.gl/fbAQLP

exports[`List of Biers 1`] = `
<ul>
  <li>
    <div>
      <h2>
        "18" Imperial IPA 2
      </h2>
      <ul>
        <li>
          ABV: 
          11.1
          %
        </li>
        <li>
          Status: 
          Verified
        </li>
      </ul>
    </div>
  </li>
  <li>
    <div>
      <h2>
        "633" American Pale Ale
      </h2>
      <ul>
        <li>
          ABV: 
          6.33
          %
        </li>
        <li>
          Status: 
          Verified
        </li>
      </ul>
    </div>
  </li>
  <li>
    <div>
      <h2>
        "Admiral" Stache
      </h2>
      <ul>
        <li>
          ABV: 
          7
          %
        </li>
        <li>
          Status: 
          Verified
        </li>
      </ul>
    </div>
  </li>
  <li>
    <div>
      <h2>
        "Ah Me Joy" Porter
      </h2>
      <ul>
        <li>
          ABV: 
          5.4
          %
        </li>
        <li>
          Status: 
          Verified
        </li>
      </ul>
    </div>
  </li>
  <li>
    <div>
      <h2>
        "Alternating Currant" Sour
      </h2>
      <ul>
        <li>
          ABV: 
          4.8
          %
        </li>
        <li>
          Status: 
          Verified
        </li>
      </ul>
    </div>
  </li>
  <li>
    <div>
      <h2>
        "B" Street Pineapple Blonde
      </h2>
      <ul>
        <li>
          ABV: 
          4.6
          %
        </li>
        <li>
          Status: 
          Verified
        </li>
      </ul>
    </div>
  </li>
  <li>
    <div>
      <h2>
        "B.B. Rodriguez" Double Brown
      </h2>
      <ul>
        <li>
          ABV: 
          8.5
          %
        </li>
        <li>
          Status: 
          Verified
        </li>
      </ul>
    </div>
  </li>
  <li>
    <div>
      <h2>
        "Bison Eye Rye" Pale Ale | 2 of 4 Part Pale Ale Series
      </h2>
      <ul>
        <li>
          ABV: 
          5.8
          %
        </li>
        <li>
          Status: 
          Verified
        </li>
      </ul>
    </div>
  </li>
  <li>
    <div>
      <h2>
        "California Crude" Black IPA
      </h2>
      <ul>
        <li>
          ABV: 
          7.6
          %
        </li>
        <li>
          Status: 
          Verified
        </li>
      </ul>
    </div>
  </li>
  <li>
    <div>
      <h2>
        "Câ€™est Noir" Imperial Stout
      </h2>
      <ul>
        <li>
          ABV: 
          10.8
          %
        </li>
        <li>
          Status: 
          Verified
        </li>
      </ul>
    </div>
  </li>
</ul>
`;
